--------------------------------------------------------------------------------
Release 14.7 Trace  (nt64)
Copyright (c) 1995-2013 Xilinx, Inc.  All rights reserved.

C:\Xilinx\14.7\ISE_DS\ISE\bin\nt64\unwrapped\trce.exe -intstyle ise -v 3 -s 3
-n 3 -fastpaths -xml AddSub4b.twx AddSub4b.ncd -o AddSub4b.twr AddSub4b.pcf

Design file:              AddSub4b.ncd
Physical constraint file: AddSub4b.pcf
Device,package,speed:     xc7a100t,csg324,C,-3 (PRODUCTION 1.10 2013-10-13)
Report level:             verbose report

Environment Variable      Effect 
--------------------      ------ 
NONE                      No environment variables were set
--------------------------------------------------------------------------------

INFO:Timing:2698 - No timing constraints found, doing default enumeration.
INFO:Timing:3412 - To improve timing, see the Timing Closure User Guide (UG612).
INFO:Timing:2752 - To get complete path coverage, use the unconstrained paths 
   option. All paths that are not constrained will be reported in the 
   unconstrained paths section(s) of the report.
INFO:Timing:3339 - The clock-to-out numbers in this timing report are based on 
   a 50 Ohm transmission line loading model.  For the details of this model, 
   and for more information on accounting for different loading conditions, 
   please see the device datasheet.



Data Sheet report:
-----------------
All values displayed in nanoseconds (ns)

Pad to Pad
---------------+---------------+---------+
Source Pad     |Destination Pad|  Delay  |
---------------+---------------+---------+
A<0>           |C0             |    6.094|
A<0>           |S<0>           |    5.009|
A<0>           |S<1>           |    5.740|
A<0>           |S<2>           |    5.689|
A<0>           |S<3>           |    6.068|
A<1>           |C0             |    6.052|
A<1>           |S<1>           |    5.694|
A<1>           |S<2>           |    5.647|
A<1>           |S<3>           |    6.026|
A<2>           |C0             |    5.241|
A<2>           |S<2>           |    5.307|
A<2>           |S<3>           |    5.217|
A<3>           |C0             |    5.243|
A<3>           |S<3>           |    5.210|
B<0>           |C0             |    6.069|
B<0>           |S<0>           |    5.274|
B<0>           |S<1>           |    5.727|
B<0>           |S<2>           |    5.664|
B<0>           |S<3>           |    6.043|
B<1>           |C0             |    5.914|
B<1>           |S<1>           |    5.571|
B<1>           |S<2>           |    5.509|
B<1>           |S<3>           |    5.888|
B<2>           |C0             |    5.709|
B<2>           |S<2>           |    5.555|
B<2>           |S<3>           |    5.683|
B<3>           |C0             |    5.561|
B<3>           |S<3>           |    5.535|
Ctrl           |C0             |    5.787|
Ctrl           |S<1>           |    5.437|
Ctrl           |S<2>           |    5.453|
Ctrl           |S<3>           |    5.761|
---------------+---------------+---------+


Analysis completed Tue Nov 20 14:20:12 2018 
--------------------------------------------------------------------------------

Trace Settings:
-------------------------
Trace Settings 

Peak Memory Usage: 4999 MB



